2026-09-19T08:25:42Z run run-20260919T082542Z-0897  base=http://127.0.0.1:8080 ns=easytrade-otel-lab batch=6 evidence=/root/workspace/easytrade/otel-lab/evidence/run-20260919T082542Z-0897
READY: all probes OK at http://127.0.0.1:8080
2026-09-19T08:25:42Z account demouser -> id 3
 Container easytrade-otel-lab-aggregator-service-1 Paused 
paused aggregator-service
Longrunningtransaction scheduler stopped.
2026-09-19T08:25:42Z == case baseline
2026-09-19T08:25:44Z   baseline statuses: acct:200 acct:200 acct:200 balance:200 card:200 buy:200 prices:200  window 2026-09-19T08:25:41.899Z .. 2026-09-19T08:25:46.084Z
2026-09-19T08:26:04Z   waiting (<= 300s) for stored telemetry: baseline-trace --for=count-gte=2
2026-09-19T08:26:09Z     wait rc=0 
2026-09-19T08:26:09Z   cross-service linked pairs (accountservice client -> manager server, same trace, parent match): 3
2026-09-19T08:26:09Z == case card (flag credit_card_meltdown, expect HTTP 500)
2026-09-19T08:26:09Z   activation probes: 1 (activated=1, flag now true)
2026-09-19T08:26:11Z   batch: sent=6 statuses=500 500 500 500 500 500 window 2026-09-19T08:26:09.410Z .. 2026-09-19T08:26:13.634Z
2026-09-19T08:26:11Z   waiting (<= 300s) for stored telemetry: card-spans --for=count-gt=3
2026-09-19T08:26:51Z     wait rc=0 
2026-09-19T08:26:52Z   waiting (<= 300s) for stored telemetry: card-logs --for=count-gte=1
2026-09-19T08:26:57Z     wait rc=0 
2026-09-19T08:26:57Z   stored: unique 5xx server spans=6 (with run id=6), ERROR logs=6 (samples saved: 6)
2026-09-19T08:26:57Z   flag credit_card_meltdown restored -> false
2026-09-19T08:26:57Z == case broker (flag db_not_responding, expect HTTP 503)
2026-09-19T08:26:57Z   activation probes: 1 (activated=1, flag now true)
2026-09-19T08:26:59Z   batch: sent=6 statuses=503 503 503 503 503 503 window 2026-09-19T08:26:57.691Z .. 2026-09-19T08:27:01.889Z
2026-09-19T08:26:59Z   waiting (<= 300s) for stored telemetry: broker-spans --for=count-gt=3
2026-09-19T08:27:40Z     wait rc=0 
2026-09-19T08:27:40Z   waiting (<= 300s) for stored telemetry: broker-logs --for=count-gte=1
2026-09-19T08:27:45Z     wait rc=0 
2026-09-19T08:27:46Z   stored: unique 5xx server spans=6 (with run id=6), ERROR logs=12 (samples saved: 12)
2026-09-19T08:27:46Z   flag db_not_responding restored -> false
2026-09-19T08:27:46Z == case recovery
2026-09-19T08:27:46Z   recovery: ok=1 probes=1 card=200 buy=200 flags=[{"id":"credit_card_validation","enabled":false},{"id":"factory_crisis","enabled":false},{"id":"frontend_feature_flag_management","enabled":true},{"id":"credit_card_meltdown","enabled":false},{"id":"high_cpu_usage","enabled":false},{"id":"ergo_aggregator_slowdown","enabled":false},{"id":"db_not_responding","enabled":false}]
2026-09-19T08:27:46Z == RESULT baseline=PASS card=PASS broker=PASS recovery=PASS  (evidence: /root/workspace/easytrade/otel-lab/evidence/run-20260919T082542Z-0897)
2026-09-19T08:27:46Z cleanup: restoring fault flags
2026-09-19T08:27:46Z cleanup: card=200 buy=200 flags=[{"id":"credit_card_validation","enabled":false},{"id":"factory_crisis","enabled":false},{"id":"frontend_feature_flag_management","enabled":true},{"id":"credit_card_meltdown","enabled":false},{"id":"high_cpu_usage","enabled":false},{"id":"ergo_aggregator_slowdown","enabled":false},{"id":"db_not_responding","enabled":false}]
