2026-09-19T08:23:05Z run run-20260919T082305Z-3783  base=http://127.0.0.1:8080 ns=easytrade-otel-lab batch=6 evidence=/root/workspace/easytrade/otel-lab/evidence/run-20260919T082305Z-3783
READY: all probes OK at http://127.0.0.1:8080
2026-09-19T08:23:05Z account demouser -> id 3
 Container easytrade-otel-lab-aggregator-service-1 Paused 
paused aggregator-service
Longrunningtransaction scheduler stopped.
2026-09-19T08:23:05Z == case baseline
2026-09-19T08:23:06Z   baseline statuses: acct:200 acct:200 acct:200 balance:200 card:200 buy:200 prices:200  window 2026-09-19T08:23:04.735Z .. 2026-09-19T08:23:08.927Z
2026-09-19T08:23:26Z   waiting (<= 300s) for stored telemetry: baseline-trace --for=count-gte=2
2026-09-19T08:23:32Z     wait rc=0 
2026-09-19T08:23:32Z   cross-service linked pairs (accountservice client -> manager server, same trace, parent match): 3
2026-09-19T08:23:32Z == case card (flag credit_card_meltdown, expect HTTP 500)
2026-09-19T08:23:32Z   activation probes: 1 (activated=1, flag now true)
2026-09-19T08:23:34Z   batch: sent=6 statuses=500 500 500 500 500 500 window 2026-09-19T08:23:32.405Z .. 2026-09-19T08:23:36.615Z
2026-09-19T08:23:34Z   waiting (<= 300s) for stored telemetry: card-spans --for=count-gt=3
2026-09-19T08:23:54Z     wait rc=0 
2026-09-19T08:23:55Z   waiting (<= 300s) for stored telemetry: card-logs --for=count-gte=1
2026-09-19T08:24:05Z     wait rc=0 
2026-09-19T08:24:05Z   stored: unique 5xx server spans=6 (with run id=6), ERROR logs=6 (samples saved: 6)
2026-09-19T08:24:05Z   flag credit_card_meltdown restored -> false
2026-09-19T08:24:05Z == case broker (flag db_not_responding, expect HTTP 503)
2026-09-19T08:24:05Z   activation probes: 1 (activated=1, flag now true)
2026-09-19T08:24:07Z   batch: sent=6 statuses=503 503 503 503 503 503 window 2026-09-19T08:24:05.705Z .. 2026-09-19T08:24:09.911Z
2026-09-19T08:24:07Z   waiting (<= 300s) for stored telemetry: broker-spans --for=count-gt=3
2026-09-19T08:24:48Z     wait rc=0 
2026-09-19T08:24:48Z   waiting (<= 300s) for stored telemetry: broker-logs --for=count-gte=1
2026-09-19T08:24:53Z     wait rc=0 
2026-09-19T08:24:53Z   stored: unique 5xx server spans=6 (with run id=6), ERROR logs=12 (samples saved: 12)
2026-09-19T08:24:54Z   flag db_not_responding restored -> false
2026-09-19T08:24:54Z == case recovery
2026-09-19T08:24:54Z   recovery: ok=1 probes=1 card=200 buy=200 flags=[{"id":"credit_card_validation","enabled":false},{"id":"factory_crisis","enabled":false},{"id":"frontend_feature_flag_management","enabled":true},{"id":"credit_card_meltdown","enabled":false},{"id":"high_cpu_usage","enabled":false},{"id":"ergo_aggregator_slowdown","enabled":false},{"id":"db_not_responding","enabled":false}]
2026-09-19T08:24:54Z == RESULT baseline=PASS card=PASS broker=PASS recovery=PASS  (evidence: /root/workspace/easytrade/otel-lab/evidence/run-20260919T082305Z-3783)
2026-09-19T08:24:54Z cleanup: restoring fault flags
2026-09-19T08:24:54Z cleanup: card=200 buy=200 flags=[{"id":"credit_card_validation","enabled":false},{"id":"factory_crisis","enabled":false},{"id":"frontend_feature_flag_management","enabled":true},{"id":"credit_card_meltdown","enabled":false},{"id":"high_cpu_usage","enabled":false},{"id":"ergo_aggregator_slowdown","enabled":false},{"id":"db_not_responding","enabled":false}]
